Monitorando tráfego na interface eth0: 90 intervalos de 5 segundos

Intervalo 1/90 - Tempo: 0.00s
Pacotes capturados: 28

Intervalo 2/90 - Tempo: 8.26s
Nenhum pacote capturado ou erro na leitura.

Intervalo 3/90 - Tempo: 13.45s
Nenhum pacote capturado ou erro na leitura.

Intervalo 4/90 - Tempo: 18.63s
Pacotes capturados: 22

Intervalo 5/90 - Tempo: 24.83s
Nenhum pacote capturado ou erro na leitura.

Intervalo 6/90 - Tempo: 30.01s
Pacotes capturados: 14

Intervalo 7/90 - Tempo: 35.15s
Pacotes capturados: 10

Intervalo 8/90 - Tempo: 42.38s
Pacotes capturados: 117

Intervalo 9/90 - Tempo: 48.57s
Nenhum pacote capturado ou erro na leitura.

Intervalo 10/90 - Tempo: 53.73s
Nenhum pacote capturado ou erro na leitura.

Intervalo 11/90 - Tempo: 58.91s
Pacotes capturados: 17

Intervalo 12/90 - Tempo: 66.11s
Nenhum pacote capturado ou erro na leitura.

Intervalo 13/90 - Tempo: 71.25s
Pacotes capturados: 23

Intervalo 14/90 - Tempo: 76.43s
Pacotes capturados: 90

Intervalo 15/90 - Tempo: 81.61s
Pacotes capturados: 13

Intervalo 16/90 - Tempo: 85.75s
Nenhum pacote capturado ou erro na leitura.

Intervalo 17/90 - Tempo: 90.89s
Pacotes capturados: 7

Intervalo 18/90 - Tempo: 97.06s
Pacotes capturados: 6

Intervalo 19/90 - Tempo: 104.27s
Pacotes capturados: 13

Intervalo 20/90 - Tempo: 109.43s
Pacotes capturados: 96

Intervalo 21/90 - Tempo: 114.58s
Pacotes capturados: 6

Intervalo 22/90 - Tempo: 118.72s
Pacotes capturados: 11

Intervalo 23/90 - Tempo: 124.93s
Pacotes capturados: 10

Intervalo 24/90 - Tempo: 130.10s
Pacotes capturados: 6

Intervalo 25/90 - Tempo: 136.30s
Pacotes capturados: 12

Intervalo 26/90 - Tempo: 141.45s
Pacotes capturados: 102

Intervalo 27/90 - Tempo: 146.62s
Pacotes capturados: 13

Intervalo 28/90 - Tempo: 150.78s
Pacotes capturados: 8

Intervalo 29/90 - Tempo: 155.92s
Pacotes capturados: 11

Intervalo 30/90 - Tempo: 161.07s
Nenhum pacote capturado ou erro na leitura.

Intervalo 31/90 - Tempo: 166.23s
Pacotes capturados: 14

Intervalo 32/90 - Tempo: 172.42s
Pacotes capturados: 70

Intervalo 33/90 - Tempo: 177.61s
Pacotes capturados: 45

Intervalo 34/90 - Tempo: 181.77s
Pacotes capturados: 11

Intervalo 35/90 - Tempo: 187.95s
Pacotes capturados: 4

Intervalo 36/90 - Tempo: 194.14s
Pacotes capturados: 3

Intervalo 37/90 - Tempo: 199.29s
Pacotes capturados: 12

Intervalo 38/90 - Tempo: 205.47s
Pacotes capturados: 50

Intervalo 39/90 - Tempo: 210.64s
Pacotes capturados: 54

Intervalo 40/90 - Tempo: 214.78s
Pacotes capturados: 13

Intervalo 41/90 - Tempo: 219.96s
Pacotes capturados: 4

Intervalo 42/90 - Tempo: 225.12s
Pacotes capturados: 13

Intervalo 43/90 - Tempo: 230.31s
Pacotes capturados: 3

Intervalo 44/90 - Tempo: 236.51s
Pacotes capturados: 14

Intervalo 45/90 - Tempo: 242.72s
Pacotes capturados: 62

Intervalo 46/90 - Tempo: 247.90s
Pacotes capturados: 16

Intervalo 47/90 - Tempo: 253.04s
Pacotes capturados: 4

Intervalo 48/90 - Tempo: 258.19s
Pacotes capturados: 16

Intervalo 49/90 - Tempo: 264.37s
Pacotes capturados: 8

Intervalo 50/90 - Tempo: 269.53s
Pacotes capturados: 3

Intervalo 51/90 - Tempo: 274.70s
Pacotes capturados: 54

Intervalo 52/90 - Tempo: 279.86s
Pacotes capturados: 20

Intervalo 53/90 - Tempo: 285.02s
Pacotes capturados: 7

Intervalo 54/90 - Tempo: 291.22s
Pacotes capturados: 9

Intervalo 55/90 - Tempo: 297.41s
Pacotes capturados: 3

Intervalo 56/90 - Tempo: 303.63s
Pacotes capturados: 6

Intervalo 57/90 - Tempo: 308.81s
Pacotes capturados: 10

Intervalo 58/90 - Tempo: 315.02s
Pacotes capturados: 7

Intervalo 59/90 - Tempo: 321.22s
Pacotes capturados: 5

Intervalo 60/90 - Tempo: 327.42s
Pacotes capturados: 5

Intervalo 61/90 - Tempo: 333.63s
Pacotes capturados: 2

Intervalo 62/90 - Tempo: 337.78s
Pacotes capturados: 5

Intervalo 63/90 - Tempo: 342.94s
Pacotes capturados: 29

Intervalo 64/90 - Tempo: 348.08s
Pacotes capturados: 15

Intervalo 65/90 - Tempo: 354.26s
Pacotes capturados: 8

Intervalo 66/90 - Tempo: 359.46s
Pacotes capturados: 5

Intervalo 67/90 - Tempo: 365.68s
Pacotes capturados: 3

Intervalo 68/90 - Tempo: 371.87s
Pacotes capturados: 7

Intervalo 69/90 - Tempo: 377.01s
Pacotes capturados: 16

Intervalo 70/90 - Tempo: 383.19s
Pacotes capturados: 9

Intervalo 71/90 - Tempo: 389.36s
Pacotes capturados: 9

Intervalo 72/90 - Tempo: 395.56s
Pacotes capturados: 2

Intervalo 73/90 - Tempo: 399.70s
Pacotes capturados: 3

Intervalo 74/90 - Tempo: 405.89s
^C
Monitoramento interrompido pelo usuário.

Monitoramento finalizado.
